---
source: tests/irc.rs
expression: "rules.get(\"username\").unwrap()"
---
Rule { name: "username", body: [Group { span: Span { start: 472, end: 500, line_offset_start: (12, 23), line_offset_end: (12, 51) }, body: [Nonterminal { span: Span { start: 472, end: 476, line_offset_start: (12, 23), line_offset_end: (12, 27) }, name: "nick" }, Optional { span: Span { start: 479, end: 487, line_offset_start: (12, 30), line_offset_end: (12, 38) }, body: [Literal { span: Span { start: 479, end: 482, line_offset_start: (12, 30), line_offset_end: (12, 33) }, str: "!" }, Nonterminal { span: Span { start: 483, end: 487, line_offset_start: (12, 34), line_offset_end: (12, 38) }, name: "user" }] }, Optional { span: Span { start: 492, end: 500, line_offset_start: (12, 43), line_offset_end: (12, 51) }, body: [Literal { span: Span { start: 492, end: 495, line_offset_start: (12, 43), line_offset_end: (12, 46) }, str: "@" }, Nonterminal { span: Span { start: 496, end: 500, line_offset_start: (12, 47), line_offset_end: (12, 51) }, name: "host" }] }] }] }
