---
source: tests/irc.rs
expression: "rules.get(\"trailing\").unwrap()"
---
Rule { name: "trailing", body: [Repeated { span: Span { start: 786, end: 813, line_offset_start: (19, 21), line_offset_end: (19, 48) }, body: [List { span: Span { start: 786, end: 812, line_offset_start: (19, 21), line_offset_end: (19, 47) }, body: [Choice { span: Span { start: 788, end: 810, line_offset_start: (19, 23), line_offset_end: (19, 45) }, body: [Choice { span: Span { start: 788, end: 797, line_offset_start: (19, 23), line_offset_end: (19, 32) }, body: [Terminal { span: Span { start: 788, end: 791, line_offset_start: (19, 23), line_offset_end: (19, 26) }, str: ":" }, Terminal { span: Span { start: 794, end: 797, line_offset_start: (19, 29), line_offset_end: (19, 32) }, str: " " }] }, Nonterminal { span: Span { start: 800, end: 810, line_offset_start: (19, 35), line_offset_end: (19, 45) }, name: "nospcrlfcl" }] }] }], one_needed: false }] }
