---
source: tests/irc.rs
expression: "rules.get(\"tags\").unwrap()"
---
Rule { name: "tags", body: [Nonterminal { span: Span { start: 101, end: 104, line_offset_start: (3, 18), line_offset_end: (3, 21) }, name: "tag" }, Repeated { span: Span { start: 105, end: 115, line_offset_start: (3, 22), line_offset_end: (3, 32) }, body: [Optional { span: Span { start: 105, end: 114, line_offset_start: (3, 22), line_offset_end: (3, 31) }, body: [Terminal { span: Span { start: 106, end: 109, line_offset_start: (3, 23), line_offset_end: (3, 26) }, str: ";" }, Nonterminal { span: Span { start: 110, end: 113, line_offset_start: (3, 27), line_offset_end: (3, 30) }, name: "tag" }] }], one_needed: false }] }
