---
source: tests/irc.rs
expression: "rules.get(\"username\").unwrap()"
---
Rule { name: "username", body: [List { span: Span { start: 449, end: 483, line_offset_start: (12, 21), line_offset_end: (12, 55) }, body: [Nonterminal { span: Span { start: 451, end: 455, line_offset_start: (12, 23), line_offset_end: (12, 27) }, name: "nick" }, Optional { span: Span { start: 456, end: 468, line_offset_start: (12, 28), line_offset_end: (12, 40) }, body: [Terminal { span: Span { start: 458, end: 461, line_offset_start: (12, 30), line_offset_end: (12, 33) }, str: "!" }, Nonterminal { span: Span { start: 462, end: 466, line_offset_start: (12, 34), line_offset_end: (12, 38) }, name: "user" }] }, Optional { span: Span { start: 469, end: 481, line_offset_start: (12, 41), line_offset_end: (12, 53) }, body: [Terminal { span: Span { start: 471, end: 474, line_offset_start: (12, 43), line_offset_end: (12, 46) }, str: "@" }, Nonterminal { span: Span { start: 475, end: 479, line_offset_start: (12, 47), line_offset_end: (12, 51) }, name: "host" }] }] }] }
