---
source: tests/irc.rs
expression: "rules.get(\"key\").unwrap()"
---
Rule { name: "key", body: [Optional { span: Span { start: 178, end: 195, line_offset_start: (5, 18), line_offset_end: (5, 35) }, body: [Nonterminal { span: Span { start: 180, end: 193, line_offset_start: (5, 20), line_offset_end: (5, 33) }, name: "client_prefix" }] }, Optional { span: Span { start: 196, end: 210, line_offset_start: (5, 36), line_offset_end: (5, 50) }, body: [Nonterminal { span: Span { start: 198, end: 204, line_offset_start: (5, 38), line_offset_end: (5, 44) }, name: "vendor" }, Terminal { span: Span { start: 205, end: 208, line_offset_start: (5, 45), line_offset_end: (5, 48) }, str: "/" }] }, Nonterminal { span: Span { start: 211, end: 219, line_offset_start: (5, 51), line_offset_end: (5, 59) }, name: "key_name" }] }
