---
source: tests/irc.rs
expression: "rules.get(\"middle\").unwrap()"
---
Rule { name: "middle", body: [Nonterminal { span: Span { start: 731, end: 741, line_offset_start: (18, 21), line_offset_end: (18, 31) }, name: "nospcrlfcl" }, Repeated { span: Span { start: 742, end: 763, line_offset_start: (18, 32), line_offset_end: (18, 53) }, body: [List { span: Span { start: 742, end: 762, line_offset_start: (18, 32), line_offset_end: (18, 52) }, body: [Choice { span: Span { start: 744, end: 760, line_offset_start: (18, 34), line_offset_end: (18, 50) }, body: [Terminal { span: Span { start: 744, end: 747, line_offset_start: (18, 34), line_offset_end: (18, 37) }, str: ":" }, Nonterminal { span: Span { start: 750, end: 760, line_offset_start: (18, 40), line_offset_end: (18, 50) }, name: "nospcrlfcl" }] }] }], one_needed: false }] }
